00:00 +0: loading C:/development/ConversionFlutter/my_flutter_app/test/queue_item_test.dart
00:00 +0: C:/development/ConversionFlutter/my_flutter_app/test/queue_item_test.dart: QueueItem copyWith preserves unchanged fields
00:00 +1: C:/development/ConversionFlutter/my_flutter_app/test/queue_item_test.dart: QueueItem copyWith can set outputPath to null
00:00 +2: C:/development/ConversionFlutter/my_flutter_app/test/queue_item_test.dart: QueueItem equality based on url + format
00:00 +3: C:/development/ConversionFlutter/my_flutter_app/test/queue_item_test.dart: DownloadStatus all expected values exist
00:00 +4: C:/development/ConversionFlutter/my_flutter_app/test/strings_test.dart: Strings appName is not empty
00:00 +5: C:/development/ConversionFlutter/my_flutter_app/test/strings_test.dart: Strings tab names are non-empty strings
00:00 +6: C:/development/ConversionFlutter/my_flutter_app/test/strings_test.dart: Strings download status strings are defined
00:00 +7: C:/development/ConversionFlutter/my_flutter_app/test/strings_test.dart: Strings error strings contain actionable guidance
00:00 +8: C:/development/ConversionFlutter/my_flutter_app/test/widget_test.dart: Basic widget tree builds
00:00 +9: All tests passed!
